Copyright 1986-2022 Xilinx, Inc. All Rights Reserved. Copyright 2022-2023 Advanced Micro Devices, Inc. All Rights Reserved.
------------------------------------------------------------------------------------------------------------------------------------------------------------------------------------------------
| Tool Version : Vivado v.2023.2 (lin64) Build 4029153 Fri Oct 13 20:13:54 MDT 2023
| Date         : Wed Apr 10 18:24:11 2024
| Host         : carson-yeet running 64-bit CachyOS
| Command      : report_bus_skew -warn_on_violation -file eight_bit_console_top_bus_skew_routed.rpt -pb eight_bit_console_top_bus_skew_routed.pb -rpx eight_bit_console_top_bus_skew_routed.rpx
| Design       : eight_bit_console_top
| Device       : 7a35t-cpg236
| Speed File   : -1  PRODUCTION 1.23 2018-06-13
| Design State : Routed
------------------------------------------------------------------------------------------------------------------------------------------------------------------------------------------------

Bus Skew Report

No bus skew constraints

